2025-10-11 12:36:04,287 INFO API_KEY fundet
2025-10-11 12:36:04,287 INFO Bruger cached kategori data (0.2 timer gammel)
2025-10-11 12:36:04,315 INFO Bruger cached produkt data (0.2 timer gammel)
2025-10-11 12:38:53,935 INFO API_KEY fundet
2025-10-11 12:38:53,936 INFO Bruger cached kategori data (0.2 timer gammel)
2025-10-11 12:38:53,962 INFO Bruger cached produkt data (0.2 timer gammel)
2025-10-11 12:38:54,008 INFO Henter produkter fra API...
2025-10-11 12:39:21,747 INFO Hentet 3644 produkter i alt
2025-10-11 12:43:14,972 INFO API_KEY fundet
2025-10-11 12:43:14,973 INFO Bruger cached kategori data (0.3 timer gammel)
2025-10-11 12:43:15,000 INFO Henter produkter fra API...
2025-10-11 12:43:23,692 INFO Hentet 3644 produkter i alt
2025-10-11 12:44:18,559 INFO API_KEY fundet
2025-10-11 12:44:18,559 INFO Bruger cached kategori data (0.3 timer gammel)
2025-10-11 12:44:18,586 INFO Bruger cached produkt data (0.0 timer gammel)
2025-11-04 17:42:12,951 INFO Bruger cached kategori data (0.1 timer gammel)
2025-11-04 17:49:24,681 INFO Bruger cached kategori data (0.2 timer gammel)
2025-11-04 17:53:13,453 INFO Bruger cached kategori data (0.2 timer gammel)
2025-11-04 17:53:13,479 INFO Bruger cached produkt data (0.2 timer gammel)
2025-11-04 17:55:07,937 INFO Bruger cached kategori data (0.3 timer gammel)
2025-11-04 17:55:07,959 INFO Bruger cached produkt data (0.3 timer gammel)
2025-11-04 17:57:22,240 INFO Bruger cached kategori data (0.3 timer gammel)
2025-11-04 17:57:22,264 INFO Bruger cached produkt data (0.3 timer gammel)
2025-11-04 18:01:28,808 INFO Bruger cached kategori data (0.4 timer gammel)
2025-11-04 18:01:28,834 INFO Bruger cached produkt data (0.4 timer gammel)
2025-11-04 18:44:02,711 INFO Bruger cached kategori data (1.1 timer gammel)
2025-11-04 18:44:02,737 INFO Bruger cached produkt data (1.1 timer gammel)
2025-11-04 19:00:54,299 INFO Bruger cached kategori data (1.4 timer gammel)
2025-11-04 19:00:54,322 INFO Bruger cached produkt data (1.4 timer gammel)
2025-11-04 19:02:05,213 INFO Bruger cached kategori data (1.4 timer gammel)
2025-11-04 19:02:05,237 INFO Bruger cached produkt data (1.4 timer gammel)
2025-11-04 19:18:19,325 INFO Bruger cached kategori data (1.7 timer gammel)
2025-11-04 19:18:19,350 INFO Bruger cached produkt data (1.7 timer gammel)
2025-11-08 13:47:26,146 INFO Henter produktkategorier fra API...
2025-11-08 13:47:34,826 INFO Hentet 1243 kategorier i alt
2025-11-08 13:47:34,907 INFO Henter produkter fra API...
2025-11-08 13:47:47,252 INFO Hentet 3646 produkter i alt
2025-11-08 14:11:55,063 INFO Bruger cached kategori data (0.4 timer gammel)
2025-11-08 14:11:55,122 INFO Bruger cached produkt data (0.4 timer gammel)
2025-11-08 16:58:17,037 INFO Henter produkter fra API...
2025-11-08 16:58:33,029 INFO Hentet 3646 produkter i alt
2025-11-09 11:40:36,555 INFO Bruger cached kategori data (21.9 timer gammel)
2025-11-09 11:40:36,578 INFO Bruger cached produkt data (18.7 timer gammel)
2025-11-09 11:57:30,092 INFO Bruger cached produkt data (19.0 timer gammel)
2025-11-20 08:10:25,237 INFO Henter produkter fra API...
2025-11-20 08:10:41,070 INFO Hentet 3648 produkter i alt
2025-11-20 08:11:21,588 INFO Bruger cached produkt data (0.0 timer gammel)
2025-11-20 08:11:33,565 INFO Bruger cached produkt data (0.0 timer gammel)
2025-11-20 08:45:01,928 INFO Starter fuld dataopdatering fra API
2025-11-20 08:45:01,930 INFO Henter produktkategorier fra API...
2025-11-20 08:45:06,044 INFO Hentet 1244 kategorier i alt
2025-11-20 08:45:06,098 INFO Henter produkter fra API...
2025-11-20 08:45:16,977 INFO Hentet 3648 produkter i alt
2025-11-20 08:45:17,282 INFO Henter produkter fra API...
2025-11-20 08:45:30,668 INFO Hentet 3648 produkter i alt
2025-11-20 08:45:31,101 INFO Fuld dataopdatering færdig: {'total_categories': 1244, 'total_products': 3648, 'total_products_with_prices': 3648, 'categories_with_products': 195}
2025-11-20 08:46:20,277 INFO Bruger cached produkt data (0.0 timer gammel)
2025-11-20 08:55:02,219 INFO Starter fuld dataopdatering fra API
2025-11-20 08:55:02,222 INFO Henter produktkategorier fra API...
2025-11-20 08:55:06,207 INFO Hentet 1244 kategorier i alt
2025-11-20 08:55:06,262 INFO Henter produkter fra API...
2025-11-20 08:55:17,737 INFO Hentet 3648 produkter i alt
2025-11-20 08:55:18,076 INFO Henter produkter fra API...
2025-11-20 08:55:32,798 INFO Hentet 3648 produkter i alt
2025-11-20 08:55:33,248 INFO Fuld dataopdatering færdig: {'total_categories': 1244, 'total_products': 3648, 'total_products_with_prices': 3648, 'categories_with_products': 195}
2025-11-20 08:56:02,284 INFO Bruger cached produkt data (0.0 timer gammel)
2025-11-20 09:27:05,415 INFO Starter fuld dataopdatering fra API
2025-11-20 09:27:05,417 INFO Henter produktkategorier fra API...
2025-11-20 09:27:09,888 INFO Hentet 1244 kategorier i alt
2025-11-20 09:27:09,946 INFO Henter produkter fra API...
2025-11-20 09:27:21,500 INFO Hentet 3648 produkter i alt
2025-11-20 09:27:21,808 INFO Henter produkter fra API...
2025-11-20 09:27:35,838 INFO Hentet 3648 produkter i alt
2025-11-20 09:27:36,301 INFO Fuld dataopdatering færdig: {'total_categories': 1244, 'total_products': 3648, 'total_products_with_prices': 3648, 'categories_with_products': 195}
2025-11-20 09:27:55,408 INFO Bruger cached produkt data (0.0 timer gammel)
2025-11-20 11:02:22,917 INFO Starter fuld dataopdatering fra API
2025-11-20 11:02:22,919 INFO Henter produktkategorier fra API...
2025-11-20 11:02:27,039 INFO Hentet 1244 kategorier i alt
2025-11-20 11:02:27,096 INFO Henter produkter fra API...
2025-11-20 11:03:01,203 INFO Hentet 3648 produkter i alt
2025-11-20 11:03:02,081 INFO Henter produkter fra API...
2025-11-20 11:03:40,277 INFO Hentet 3648 produkter i alt
2025-11-20 11:03:41,336 INFO Fuld dataopdatering færdig: {'total_categories': 1244, 'total_products': 3648, 'total_products_with_prices': 3648, 'categories_with_products': 863}
2025-11-20 11:04:08,412 INFO Bruger cached produkt data (0.0 timer gammel)
2025-11-20 11:04:34,312 INFO Bruger cached produkt data (0.0 timer gammel)
2025-11-20 11:19:10,062 INFO Bruger cached produkt data (0.3 timer gammel)
2025-11-20 11:21:27,199 ERROR Failed to update prices for E137640 - Deaktiveret: API request fejlede: 400 Client Error: Bad Request for url: https://engrosrengoringsmidler.dk/admin/WebAPI/v2/products/E137640%20-%20Deaktiveret/prices
2025-11-20 11:21:27,469 ERROR Failed to update prices for E137920 - Deaktiveret: API request fejlede: 400 Client Error: Bad Request for url: https://engrosrengoringsmidler.dk/admin/WebAPI/v2/products/E137920%20-%20Deaktiveret/prices
2025-11-20 11:21:27,712 ERROR Failed to update prices for E137970 - Deaktiveret: API request fejlede: 400 Client Error: Bad Request for url: https://engrosrengoringsmidler.dk/admin/WebAPI/v2/products/E137970%20-%20Deaktiveret/prices
2025-11-20 11:21:28,012 ERROR Failed to update prices for E138050 - Deaktiveret: API request fejlede: 400 Client Error: Bad Request for url: https://engrosrengoringsmidler.dk/admin/WebAPI/v2/products/E138050%20-%20Deaktiveret/prices
2025-11-20 11:21:28,247 ERROR Failed to update prices for E139580 - Deaktiveret: API request fejlede: 400 Client Error: Bad Request for url: https://engrosrengoringsmidler.dk/admin/WebAPI/v2/products/E139580%20-%20Deaktiveret/prices
2025-11-20 11:21:28,495 ERROR Failed to update prices for E139590 - Deaktiveret: API request fejlede: 400 Client Error: Bad Request for url: https://engrosrengoringsmidler.dk/admin/WebAPI/v2/products/E139590%20-%20Deaktiveret/prices
2025-11-20 11:21:28,715 ERROR Failed to update prices for E139740 - Deaktiveret: API request fejlede: 400 Client Error: Bad Request for url: https://engrosrengoringsmidler.dk/admin/WebAPI/v2/products/E139740%20-%20Deaktiveret/prices
2025-11-20 11:21:28,907 ERROR Failed to update prices for E139820 - Deaktiveret: API request fejlede: 400 Client Error: Bad Request for url: https://engrosrengoringsmidler.dk/admin/WebAPI/v2/products/E139820%20-%20Deaktiveret/prices
2025-11-20 11:55:27,531 INFO Starter fuld dataopdatering fra API
2025-11-20 11:55:27,533 INFO Henter produktkategorier fra API...
2025-11-20 11:55:31,425 INFO Hentet 1244 kategorier i alt
2025-11-20 11:55:31,479 INFO Henter produkter fra API...
2025-11-20 11:56:00,671 INFO Hentet 3648 produkter i alt
2025-11-20 11:56:01,536 INFO Henter produkter fra API...
2025-11-20 11:56:37,721 INFO Hentet 3648 produkter i alt
2025-11-20 11:56:38,803 INFO Fuld dataopdatering færdig: {'total_categories': 1244, 'total_products': 3648, 'total_products_with_prices': 3648, 'categories_with_products': 863}
2025-11-20 11:59:32,644 INFO Bruger cached produkt data (0.0 timer gammel)
2025-11-20 12:00:11,623 ERROR Failed to update prices for E137640 - Deaktiveret: API request fejlede: 404 Client Error: Not Found for url: https://engrosrengoringsmidler.dk/admin/WebAPI/v2/products/E137640%20-%20Deaktiveret/prices
2025-11-20 12:00:12,073 ERROR Failed to update prices for E137920 - Deaktiveret: API request fejlede: 404 Client Error: Not Found for url: https://engrosrengoringsmidler.dk/admin/WebAPI/v2/products/E137920%20-%20Deaktiveret/prices
2025-11-20 12:00:12,448 ERROR Failed to update prices for E137970 - Deaktiveret: API request fejlede: 404 Client Error: Not Found for url: https://engrosrengoringsmidler.dk/admin/WebAPI/v2/products/E137970%20-%20Deaktiveret/prices
2025-11-20 12:00:12,842 ERROR Failed to update prices for E138050 - Deaktiveret: API request fejlede: 404 Client Error: Not Found for url: https://engrosrengoringsmidler.dk/admin/WebAPI/v2/products/E138050%20-%20Deaktiveret/prices
2025-11-20 12:00:13,242 ERROR Failed to update prices for E139580 - Deaktiveret: API request fejlede: 404 Client Error: Not Found for url: https://engrosrengoringsmidler.dk/admin/WebAPI/v2/products/E139580%20-%20Deaktiveret/prices
2025-11-20 12:00:13,641 ERROR Failed to update prices for E139590 - Deaktiveret: API request fejlede: 404 Client Error: Not Found for url: https://engrosrengoringsmidler.dk/admin/WebAPI/v2/products/E139590%20-%20Deaktiveret/prices
2025-11-20 12:00:14,027 ERROR Failed to update prices for E139740 - Deaktiveret: API request fejlede: 404 Client Error: Not Found for url: https://engrosrengoringsmidler.dk/admin/WebAPI/v2/products/E139740%20-%20Deaktiveret/prices
2025-11-20 12:00:14,452 ERROR Failed to update prices for E139820 - Deaktiveret: API request fejlede: 404 Client Error: Not Found for url: https://engrosrengoringsmidler.dk/admin/WebAPI/v2/products/E139820%20-%20Deaktiveret/prices
2025-11-20 14:11:18,731 INFO Starter fuld dataopdatering fra API
2025-11-20 14:11:18,734 INFO Henter produktkategorier fra API...
2025-11-20 14:11:23,109 INFO Hentet 1244 kategorier i alt
2025-11-20 14:11:23,166 INFO Henter produkter fra API...
2025-11-20 14:11:55,655 INFO Hentet 3648 produkter i alt
2025-11-20 14:11:56,553 INFO Henter produkter fra API...
2025-11-20 14:12:38,191 INFO Hentet 3648 produkter i alt
2025-11-20 14:12:39,286 INFO Fuld dataopdatering færdig: {'total_categories': 1244, 'total_products': 3648, 'total_products_with_prices': 3648, 'categories_with_products': 863}
2025-11-20 14:49:58,393 INFO Starter fuld dataopdatering fra API
2025-11-20 14:49:58,396 INFO Henter produktkategorier fra API...
2025-11-20 14:49:58,461 INFO Starter fuld dataopdatering fra API
2025-11-20 14:49:58,466 INFO Henter produktkategorier fra API...
2025-11-20 14:50:02,295 INFO Hentet 1244 kategorier i alt
2025-11-20 14:50:02,349 INFO Hentet 1244 kategorier i alt
2025-11-20 14:50:02,452 INFO Henter produkter fra API...
2025-11-20 14:50:02,452 INFO Henter produkter fra API...
2025-11-20 14:50:32,604 INFO Hentet 3648 produkter i alt
2025-11-20 14:50:32,870 INFO Hentet 3648 produkter i alt
2025-11-20 14:50:34,556 INFO Henter produkter fra API...
2025-11-20 14:50:34,556 INFO Henter produkter fra API...
2025-11-20 14:51:10,633 INFO Hentet 3648 produkter i alt
2025-11-20 14:51:10,790 INFO Hentet 3648 produkter i alt
2025-11-20 14:51:12,979 INFO Fuld dataopdatering færdig: {'total_categories': 1244, 'total_products': 3648, 'total_products_with_prices': 3648, 'categories_with_products': 863}
2025-11-20 14:51:12,981 INFO Fuld dataopdatering færdig: {'total_categories': 1244, 'total_products': 3648, 'total_products_with_prices': 3648, 'categories_with_products': 863}
2025-11-20 14:51:43,810 INFO Bruger cached produkt data (0.0 timer gammel)
2025-11-20 14:51:57,740 INFO Bruger cached produkt data (0.0 timer gammel)
2025-11-20 14:52:40,454 INFO Starter fuld dataopdatering fra API
2025-11-20 14:52:40,472 INFO Henter produktkategorier fra API...
2025-11-20 14:52:40,523 INFO Starter fuld dataopdatering fra API
2025-11-20 14:52:40,524 INFO Henter produktkategorier fra API...
2025-11-20 14:52:44,385 INFO Hentet 1244 kategorier i alt
2025-11-20 14:52:44,439 INFO Henter produkter fra API...
2025-11-20 14:52:45,276 INFO Hentet 1244 kategorier i alt
2025-11-20 14:52:45,335 INFO Henter produkter fra API...
2025-11-20 14:53:17,631 INFO Hentet 3648 produkter i alt
2025-11-20 14:53:18,551 INFO Henter produkter fra API...
2025-11-20 14:53:18,661 INFO Hentet 3648 produkter i alt
2025-11-20 14:53:19,594 INFO Henter produkter fra API...
2025-11-20 14:53:54,223 INFO Hentet 3648 produkter i alt
2025-11-20 14:53:54,436 INFO Hentet 3648 produkter i alt
2025-11-20 14:53:56,670 INFO Fuld dataopdatering færdig: {'total_categories': 1244, 'total_products': 3648, 'total_products_with_prices': 3648, 'categories_with_products': 863}
2025-11-20 14:53:56,712 INFO Fuld dataopdatering færdig: {'total_categories': 1244, 'total_products': 3648, 'total_products_with_prices': 3648, 'categories_with_products': 863}
2025-11-20 14:54:39,742 INFO Bruger cached produkt data (0.0 timer gammel)
2025-11-20 14:55:16,799 ERROR Failed to update prices for E137640 - Deaktiveret: API request fejlede: 404 Client Error: Not Found for url: https://engrosrengoringsmidler.dk/admin/WebAPI/v2/products/E137640%20-%20Deaktiveret/prices
2025-11-20 15:01:06,364 INFO Starter fuld dataopdatering fra API
2025-11-20 15:01:06,366 INFO Henter produktkategorier fra API...
2025-11-20 15:01:10,501 INFO Hentet 1244 kategorier i alt
2025-11-20 15:01:10,559 INFO Henter produkter fra API...
2025-11-20 15:01:51,832 INFO Hentet 3648 produkter i alt
2025-11-20 15:01:52,725 INFO Henter produkter fra API...
2025-11-20 15:02:29,320 INFO Hentet 3648 produkter i alt
2025-11-20 15:02:30,374 INFO Fuld dataopdatering færdig: {'total_categories': 1244, 'total_products': 3648, 'total_products_with_prices': 3648, 'categories_with_products': 863}
2025-11-20 15:03:00,236 INFO Bruger cached produkt data (0.0 timer gammel)
2025-11-20 15:03:43,331 INFO Starter fuld dataopdatering fra API
2025-11-20 15:03:43,350 INFO Henter produktkategorier fra API...
2025-11-20 15:03:47,914 INFO Hentet 1244 kategorier i alt
2025-11-20 15:03:47,985 INFO Henter produkter fra API...
2025-11-20 15:04:23,205 INFO Hentet 3648 produkter i alt
2025-11-20 15:04:24,071 INFO Henter produkter fra API...
2025-11-20 15:04:58,769 INFO Hentet 3648 produkter i alt
2025-11-20 15:04:59,815 INFO Fuld dataopdatering færdig: {'total_categories': 1244, 'total_products': 3648, 'total_products_with_prices': 3648, 'categories_with_products': 863}
2025-11-20 15:05:26,734 INFO Bruger cached produkt data (0.0 timer gammel)
2025-11-20 15:06:23,417 ERROR Failed to update prices for E137640 - Deaktiveret: API request fejlede: 404 Client Error: Not Found for url: https://engrosrengoringsmidler.dk/admin/WebAPI/v2/products/E137640%20-%20Deaktiveret/prices
2025-11-20 15:19:17,354 INFO Starter fuld dataopdatering fra API
2025-11-20 15:19:17,356 INFO Henter produktkategorier fra API...
2025-11-20 15:19:21,469 INFO Hentet 1244 kategorier i alt
2025-11-20 15:19:21,525 INFO Henter produkter fra API...
2025-11-20 15:19:51,853 INFO Hentet 3648 produkter i alt
2025-11-20 15:19:52,771 INFO Henter produkter fra API...
2025-11-20 15:20:27,677 INFO Hentet 3648 produkter i alt
2025-11-20 15:20:28,826 INFO Fuld dataopdatering færdig: {'total_categories': 1244, 'total_products': 3648, 'total_products_with_prices': 3648, 'categories_with_products': 863}
2025-11-20 15:20:45,928 INFO Bruger cached produkt data (0.0 timer gammel)
2025-11-20 15:22:26,138 INFO Bruger cached produkt data (0.0 timer gammel)
2025-11-20 15:22:58,801 INFO Bruger cached produkt data (0.0 timer gammel)
2025-11-20 15:24:10,026 INFO Bruger cached produkt data (0.1 timer gammel)
2025-11-20 15:24:16,144 INFO Bruger cached produkt data (0.1 timer gammel)
2025-11-20 15:33:36,417 INFO Starter fuld dataopdatering fra API
2025-11-20 15:33:36,427 INFO Henter produktkategorier fra API...
2025-11-20 15:33:41,062 INFO Hentet 1244 kategorier i alt
2025-11-20 15:33:41,113 INFO Henter produkter fra API...
2025-11-20 15:34:14,956 INFO Hentet 3648 produkter i alt
2025-11-20 15:34:15,933 INFO Henter produkter fra API...
2025-11-20 15:34:55,240 INFO Hentet 3648 produkter i alt
2025-11-20 15:34:56,316 INFO Fuld dataopdatering færdig: {'total_categories': 1244, 'total_products': 3648, 'total_products_with_prices': 3648, 'categories_with_products': 863}
2025-11-20 15:39:48,265 INFO Starter fuld dataopdatering fra API
2025-11-20 15:39:48,268 INFO Henter produktkategorier fra API...
2025-11-20 15:39:52,140 INFO Hentet 1244 kategorier i alt
2025-11-20 15:39:52,193 INFO Henter produkter fra API...
2025-11-20 15:40:20,430 INFO Hentet 3648 produkter i alt
2025-11-20 15:40:21,303 INFO Henter produkter fra API...
2025-11-20 15:40:54,857 INFO Hentet 3648 produkter i alt
2025-11-20 15:40:55,860 INFO Writing filtered categories to: /app/cache/categories_with_products.json
2025-11-20 15:40:55,897 INFO Filtered categories written successfully to: /app/cache/categories_with_products.json
2025-11-20 15:40:55,897 INFO Fuld dataopdatering færdig: {'total_categories': 1244, 'total_products': 3648, 'total_products_with_prices': 3648, 'categories_with_products': 863}
2025-11-20 15:53:33,005 INFO Starter fuld dataopdatering fra API
2025-11-20 15:53:33,007 INFO Henter produktkategorier fra API...
2025-11-20 15:53:37,455 INFO Hentet 1244 kategorier i alt
2025-11-20 15:53:37,516 INFO Henter produkter fra API...
2025-11-20 15:54:07,834 INFO Hentet 3648 produkter i alt
2025-11-20 15:54:08,685 INFO Henter produkter fra API...
2025-11-20 15:54:44,422 INFO Hentet 3648 produkter i alt
2025-11-20 15:54:45,423 INFO Filtered primary categories count: 195
2025-11-20 15:54:45,423 INFO Writing filtered categories to: /app/cache/categories_with_products.json
2025-11-20 15:54:45,435 INFO Filtered categories written successfully to: /app/cache/categories_with_products.json
2025-11-20 15:54:45,435 INFO Fuld dataopdatering færdig: {'total_categories': 1244, 'total_products': 3648, 'total_products_with_prices': 3648, 'categories_with_products': 195}
2025-11-20 15:57:53,773 INFO Bruger cached produkt data (0.1 timer gammel)
2025-11-20 15:58:43,494 INFO Bruger cached produkt data (0.1 timer gammel)
2025-11-20 16:00:12,254 INFO Bruger cached produkt data (0.1 timer gammel)
2025-11-20 16:00:41,635 INFO Bruger cached produkt data (0.1 timer gammel)
2025-11-20 16:02:51,955 INFO Bruger cached produkt data (0.1 timer gammel)
2025-11-20 16:17:23,930 INFO Bruger cached produkt data (0.4 timer gammel)
2025-11-20 16:21:43,591 INFO Starter fuld dataopdatering fra API
2025-11-20 16:21:43,593 INFO Henter produktkategorier fra API...
2025-11-20 16:21:47,838 INFO Hentet 1244 kategorier i alt
2025-11-20 16:21:47,898 INFO Henter produkter fra API...
2025-11-20 16:22:17,079 INFO Hentet 3648 produkter i alt
2025-11-20 16:22:17,947 INFO Henter produkter fra API...
2025-11-20 16:22:53,713 INFO Hentet 3648 produkter i alt
2025-11-20 16:22:55,561 INFO Updated products cache written successfully to: /app/cache/products_cache.json
2025-11-20 16:22:55,574 INFO Filtered primary categories count: 195
2025-11-20 16:22:55,574 INFO Writing filtered categories to: /app/cache/categories_with_products.json
2025-11-20 16:22:55,587 INFO Filtered categories written successfully to: /app/cache/categories_with_products.json
2025-11-20 16:22:55,588 INFO Fuld dataopdatering færdig: {'total_categories': 1244, 'total_products': 3648, 'total_products_with_prices': 3648, 'categories_with_products': 195}
2025-11-20 16:24:42,405 INFO Bruger cached produkt data (0.0 timer gammel)
2025-11-20 16:24:53,461 INFO Bruger cached produkt data (0.0 timer gammel)
2025-11-20 16:25:16,500 INFO Bruger cached produkt data (0.0 timer gammel)
2025-11-20 16:30:07,880 INFO Starter fuld dataopdatering fra API
2025-11-20 16:30:07,882 INFO Henter produktkategorier fra API...
2025-11-20 16:30:12,335 INFO Hentet 1244 kategorier i alt
2025-11-20 16:30:12,390 INFO Henter produkter fra API...
2025-11-20 16:30:46,912 INFO Hentet 3648 produkter i alt
2025-11-20 16:30:47,862 INFO Henter produkter fra API...
2025-11-20 16:31:21,496 INFO Hentet 3648 produkter i alt
2025-11-20 16:31:23,374 INFO Updated products cache written successfully to: /app/cache/products_cache.json
2025-11-20 16:31:23,388 INFO Filtered primary categories count: 195
2025-11-20 16:31:23,389 INFO Writing filtered categories to: /app/cache/categories_with_products.json
2025-11-20 16:31:23,403 INFO Filtered categories written successfully to: /app/cache/categories_with_products.json
2025-11-20 16:31:23,404 INFO Fuld dataopdatering færdig: {'total_categories': 1244, 'total_products': 3648, 'total_products_with_prices': 3648, 'categories_with_products': 195}
2025-11-20 16:31:45,088 INFO Bruger cached produkt data (0.0 timer gammel)
2025-11-20 16:32:48,541 INFO Bruger cached produkt data (0.0 timer gammel)
2025-11-20 16:33:12,575 INFO Bruger cached produkt data (0.0 timer gammel)
2025-11-20 17:06:02,802 INFO Starter fuld dataopdatering fra API
2025-11-20 17:06:02,805 INFO Henter produktkategorier fra API...
2025-11-20 17:06:07,144 INFO Hentet 1244 kategorier i alt
2025-11-20 17:06:07,196 INFO Henter produkter fra API...
2025-11-20 17:06:37,500 INFO Hentet 3648 produkter i alt
2025-11-20 17:06:38,352 INFO Henter produkter fra API...
2025-11-20 17:07:14,865 INFO Hentet 3648 produkter i alt
2025-11-20 17:07:16,703 INFO Updated products cache written successfully to: /app/cache/products_cache.json
2025-11-20 17:07:16,715 INFO Filtered primary categories count: 195
2025-11-20 17:07:16,716 INFO Writing filtered categories to: /app/cache/categories_with_products.json
2025-11-20 17:07:16,729 INFO Filtered categories written successfully to: /app/cache/categories_with_products.json
2025-11-20 17:07:16,730 INFO Fuld dataopdatering færdig: {'total_categories': 1244, 'total_products': 3648, 'total_products_with_prices': 3648, 'categories_with_products': 195}
2025-11-20 17:10:01,124 INFO Bruger cached produkt data (0.0 timer gammel)
2025-11-20 17:11:11,399 WARNING Preparing to delete prices for E138450: {'currencyCode': 'DKK', 'quantity': 3, 'unitPrice': 795.25, 'b2bGroupId': '-2'}
2025-11-20 17:11:11,538 ERROR Failed to update prices for E138450: API request fejlede: 404 Client Error: Not Found for url: https://engrosrengoringsmidler.dk/admin/WebAPI/v2/products/E138450/prices
2025-11-20 17:21:12,507 INFO Bruger cached produkt data (0.2 timer gammel)
2025-11-20 18:33:12,140 INFO Starter fuld dataopdatering fra API
2025-11-20 18:33:12,142 INFO Henter produktkategorier fra API...
2025-11-20 18:33:15,805 INFO Hentet 1244 kategorier i alt
2025-11-20 18:33:15,857 INFO Henter produkter fra API...
2025-11-20 18:33:45,157 INFO Hentet 3648 produkter i alt
2025-11-20 18:33:46,041 INFO Henter produkter fra API...
2025-11-20 18:34:21,420 INFO Hentet 3648 produkter i alt
2025-11-20 18:34:23,299 INFO Updated products cache written successfully to: /app/cache/products_cache.json
2025-11-20 18:34:23,313 INFO Filtered primary categories count: 195
2025-11-20 18:34:23,313 INFO Writing filtered categories to: /app/cache/categories_with_products.json
2025-11-20 18:34:23,326 INFO Filtered categories written successfully to: /app/cache/categories_with_products.json
2025-11-20 18:34:23,326 INFO Fuld dataopdatering færdig: {'total_categories': 1244, 'total_products': 3648, 'total_products_with_prices': 3648, 'categories_with_products': 195}
2025-11-20 18:37:16,049 INFO Bruger cached produkt data (0.0 timer gammel)
2025-11-20 18:39:02,782 WARNING Preparing to delete prices for E107680: {'currencyCode': 'DKK', 'quantity': 6, 'unitPrice': 23.0, 'b2bGroupId': '-2', 'specialOfferPrice': 0.0, 'isoCode': 208}
2025-11-20 18:39:02,950 ERROR Failed to update prices for E107680: API request fejlede: 404 Client Error: Not Found for url: https://engrosrengoringsmidler.dk/admin/WebAPI/v2/products/E107680/prices
